[['hello', 'world'], {'h2': 'hello', 'w2': 'world'}]
